// Jest Snapshot v1, https://goo.gl/fbAQLP

exports[`pruebas en componente <GiftExpertApp /> debe renderizar el componente <GiftExpertApp /> correctamente 1`] = `
<Fragment>
  <h2>
    Gift Expert App
  </h2>
  <hr />
  <CategoryAdd
    categories={
      Array [
        "naruto",
        "samurai x",
      ]
    }
    setCategories={[Function]}
  />
  <ol>
    <GifGrid
      category="naruto"
      key="naruto"
    />
    <GifGrid
      category="samurai x"
      key="samurai x"
    />
  </ol>
</Fragment>
`;
